// Jest Snapshot v1, https://goo.gl/fbAQLP

exports[`[Component]: Tapp should match snapshot 1`] = `
<div
  className="tu-container tapp tu-elevation-1"
>
  <canvas
    height={200}
    width={360}
  />
</div>
`;
